// Jest Snapshot v1, https://goo.gl/fbAQLP

exports[`Max Basket Size - P1 ATokens/CTokens Should Issue/Redeem with max basket correctly 1`] = `10498843`;

exports[`Max Basket Size - P1 ATokens/CTokens Should Issue/Redeem with max basket correctly 2`] = `7829390`;

exports[`Max Basket Size - P1 ATokens/CTokens Should claim rewards correctly 1`] = `3144345`;

exports[`Max Basket Size - P1 ATokens/CTokens Should switch basket correctly 1`] = `7884221`;

exports[`Max Basket Size - P1 ATokens/CTokens Should switch basket correctly 2`] = `19944854`;

exports[`Max Basket Size - P1 Fiatcoins Should Issue/Redeem with max basket correctly 1`] = `9545393`;

exports[`Max Basket Size - P1 Fiatcoins Should Issue/Redeem with max basket correctly 2`] = `6880890`;

exports[`Max Basket Size - P1 Fiatcoins Should switch basket correctly 1`] = `4101690`;

exports[`Max Basket Size - P1 Fiatcoins Should switch basket correctly 2`] = `13357630`;
