// Jest Snapshot v1, https://goo.gl/fbAQLP

exports[`Collateral contracts Gas Reporting Force Updates - Hard Default - ATokens/CTokens 1`] = `42710`;

exports[`Collateral contracts Gas Reporting Force Updates - Hard Default - ATokens/CTokens 2`] = `49442`;

exports[`Collateral contracts Gas Reporting Force Updates - Soft Default 1`] = `76037`;

exports[`Collateral contracts Gas Reporting Force Updates - Soft Default 2`] = `70936`;

exports[`Collateral contracts Gas Reporting Force Updates - Soft Default 3`] = `68737`;
