// Jest Snapshot v1, https://goo.gl/fbAQLP

exports[`BrokerP1 contract #fast Gas Reporting Initialize Trade  1`] = `452849`;

exports[`BrokerP1 contract #fast Gas Reporting Open Trade  1`] = `553729`;

exports[`BrokerP1 contract #fast Gas Reporting Open Trade  2`] = `541567`;

exports[`BrokerP1 contract #fast Gas Reporting Open Trade  3`] = `543705`;

exports[`BrokerP1 contract #fast Gas Reporting Settle Trade  1`] = `113592`;
