// Jest Snapshot v1, https://goo.gl/fbAQLP

exports[`RTokenP1 contract Gas Reporting Issuance: across blocks 1`] = `1011085`;

exports[`RTokenP1 contract Gas Reporting Issuance: across blocks 2`] = `685004`;

exports[`RTokenP1 contract Gas Reporting Issuance: vesting 1`] = `543413`;

exports[`RTokenP1 contract Gas Reporting Issuance: vesting 2`] = `377739`;

exports[`RTokenP1 contract Gas Reporting Issuance: within block 1`] = `637795`;

exports[`RTokenP1 contract Gas Reporting Issuance: within block 2`] = `464854`;

exports[`RTokenP1 contract Gas Reporting Redemption 1`] = `405977`;

exports[`RTokenP1 contract Gas Reporting Transfer 1`] = `56542`;

exports[`RTokenP1 contract Gas Reporting Transfer 2`] = `34642`;

exports[`RTokenP1 contract Gas Reporting Transfer 3`] = `51754`;
