// Jest Snapshot v1, https://goo.gl/fbAQLP

exports[`StRSRP1 contract Gas Reporting Stake 1`] = `131315`;

exports[`StRSRP1 contract Gas Reporting Stake 2`] = `126515`;

exports[`StRSRP1 contract Gas Reporting Transfer 1`] = `63171`;

exports[`StRSRP1 contract Gas Reporting Transfer 2`] = `41271`;

exports[`StRSRP1 contract Gas Reporting Transfer 3`] = `58383`;

exports[`StRSRP1 contract Gas Reporting Unstake 1`] = `196178`;

exports[`StRSRP1 contract Gas Reporting Unstake 2`] = `133199`;

exports[`StRSRP1 contract Gas Reporting Withdraw 1`] = `470280`;

exports[`StRSRP1 contract Gas Reporting Withdraw 2`] = `441138`;
