// Jest Snapshot v1, https://goo.gl/fbAQLP

exports[`Collateral: CurveStableCollateral - ConvexStakingWrapper collateral functionality Gas Reporting ERC20 Wrapper transfer 1`] = `145605`;

exports[`Collateral: CurveStableCollateral - ConvexStakingWrapper collateral functionality Gas Reporting ERC20 Wrapper transfer 2`] = `123705`;

exports[`Collateral: CurveStableCollateral - ConvexStakingWrapper collateral functionality Gas Reporting refresh() after full price timeout 1`] = `61884`;

exports[`Collateral: CurveStableCollateral - ConvexStakingWrapper collateral functionality Gas Reporting refresh() after full price timeout 2`] = `57416`;

exports[`Collateral: CurveStableCollateral - ConvexStakingWrapper collateral functionality Gas Reporting refresh() after hard default 1`] = `199560`;

exports[`Collateral: CurveStableCollateral - ConvexStakingWrapper collateral functionality Gas Reporting refresh() after hard default 2`] = `194678`;

exports[`Collateral: CurveStableCollateral - ConvexStakingWrapper collateral functionality Gas Reporting refresh() after oracle timeout 1`] = `61884`;

exports[`Collateral: CurveStableCollateral - ConvexStakingWrapper collateral functionality Gas Reporting refresh() after oracle timeout 2`] = `57416`;

exports[`Collateral: CurveStableCollateral - ConvexStakingWrapper collateral functionality Gas Reporting refresh() after soft default 1`] = `57075`;

exports[`Collateral: CurveStableCollateral - ConvexStakingWrapper collateral functionality Gas Reporting refresh() after soft default 2`] = `57075`;

exports[`Collateral: CurveStableCollateral - ConvexStakingWrapper collateral functionality Gas Reporting refresh() during SOUND 1`] = `194675`;

exports[`Collateral: CurveStableCollateral - ConvexStakingWrapper collateral functionality Gas Reporting refresh() during SOUND 2`] = `194675`;

exports[`Collateral: CurveStableCollateral - ConvexStakingWrapper collateral functionality Gas Reporting refresh() during soft default 1`] = `181820`;

exports[`Collateral: CurveStableCollateral - ConvexStakingWrapper collateral functionality Gas Reporting refresh() during soft default 2`] = `174552`;
