// Jest Snapshot v1, https://goo.gl/fbAQLP

exports[`Collateral: MorphoAAVEV2FiatCollateral - DAI collateral functionality Gas Reporting ERC20 transfer 1`] = `73881`;

exports[`Collateral: MorphoAAVEV2FiatCollateral - DAI collateral functionality Gas Reporting ERC20 transfer 2`] = `56781`;

exports[`Collateral: MorphoAAVEV2FiatCollateral - DAI collateral functionality Gas Reporting ERC20 transfer 3`] = `88981`;

exports[`Collateral: MorphoAAVEV2FiatCollateral - DAI collateral functionality Gas Reporting ERC20 transfer 4`] = `71881`;

exports[`Collateral: MorphoAAVEV2FiatCollateral - DAI collateral functionality Gas Reporting refresh() after full price timeout 1`] = `134211`;

exports[`Collateral: MorphoAAVEV2FiatCollateral - DAI collateral functionality Gas Reporting refresh() after full price timeout 2`] = `129742`;

exports[`Collateral: MorphoAAVEV2FiatCollateral - DAI collateral functionality Gas Reporting refresh() after hard default 1`] = `179812`;

exports[`Collateral: MorphoAAVEV2FiatCollateral - DAI collateral functionality Gas Reporting refresh() after hard default 2`] = `172129`;

exports[`Collateral: MorphoAAVEV2FiatCollateral - DAI collateral functionality Gas Reporting refresh() after oracle timeout 1`] = `134211`;

exports[`Collateral: MorphoAAVEV2FiatCollateral - DAI collateral functionality Gas Reporting refresh() after oracle timeout 2`] = `129742`;

exports[`Collateral: MorphoAAVEV2FiatCollateral - DAI collateral functionality Gas Reporting refresh() after soft default 1`] = `172067`;

exports[`Collateral: MorphoAAVEV2FiatCollateral - DAI collateral functionality Gas Reporting refresh() after soft default 2`] = `172067`;

exports[`Collateral: MorphoAAVEV2FiatCollateral - DAI collateral functionality Gas Reporting refresh() during SOUND 1`] = `172126`;

exports[`Collateral: MorphoAAVEV2FiatCollateral - DAI collateral functionality Gas Reporting refresh() during SOUND 2`] = `172126`;

exports[`Collateral: MorphoAAVEV2FiatCollateral - DAI collateral functionality Gas Reporting refresh() during soft default 1`] = `179677`;

exports[`Collateral: MorphoAAVEV2FiatCollateral - DAI collateral functionality Gas Reporting refresh() during soft default 2`] = `172408`;

exports[`Collateral: MorphoAAVEV2FiatCollateral - USDC collateral functionality Gas Reporting ERC20 transfer 1`] = `73881`;

exports[`Collateral: MorphoAAVEV2FiatCollateral - USDC collateral functionality Gas Reporting ERC20 transfer 2`] = `56781`;

exports[`Collateral: MorphoAAVEV2FiatCollateral - USDC collateral functionality Gas Reporting ERC20 transfer 3`] = `88981`;

exports[`Collateral: MorphoAAVEV2FiatCollateral - USDC collateral functionality Gas Reporting ERC20 transfer 4`] = `71881`;

exports[`Collateral: MorphoAAVEV2FiatCollateral - USDC collateral functionality Gas Reporting refresh() after full price timeout 1`] = `134414`;

exports[`Collateral: MorphoAAVEV2FiatCollateral - USDC collateral functionality Gas Reporting refresh() after full price timeout 2`] = `129945`;

exports[`Collateral: MorphoAAVEV2FiatCollateral - USDC collateral functionality Gas Reporting refresh() after hard default 1`] = `180218`;

exports[`Collateral: MorphoAAVEV2FiatCollateral - USDC collateral functionality Gas Reporting refresh() after hard default 2`] = `172535`;

exports[`Collateral: MorphoAAVEV2FiatCollateral - USDC collateral functionality Gas Reporting refresh() after oracle timeout 1`] = `134414`;

exports[`Collateral: MorphoAAVEV2FiatCollateral - USDC collateral functionality Gas Reporting refresh() after oracle timeout 2`] = `129945`;

exports[`Collateral: MorphoAAVEV2FiatCollateral - USDC collateral functionality Gas Reporting refresh() after soft default 1`] = `172473`;

exports[`Collateral: MorphoAAVEV2FiatCollateral - USDC collateral functionality Gas Reporting refresh() after soft default 2`] = `172473`;

exports[`Collateral: MorphoAAVEV2FiatCollateral - USDC collateral functionality Gas Reporting refresh() during SOUND 1`] = `172532`;

exports[`Collateral: MorphoAAVEV2FiatCollateral - USDC collateral functionality Gas Reporting refresh() during SOUND 2`] = `172532`;

exports[`Collateral: MorphoAAVEV2FiatCollateral - USDC collateral functionality Gas Reporting refresh() during soft default 1`] = `180083`;

exports[`Collateral: MorphoAAVEV2FiatCollateral - USDC collateral functionality Gas Reporting refresh() during soft default 2`] = `172814`;

exports[`Collateral: MorphoAAVEV2FiatCollateral - USDT collateral functionality Gas Reporting ERC20 transfer 1`] = `73881`;

exports[`Collateral: MorphoAAVEV2FiatCollateral - USDT collateral functionality Gas Reporting ERC20 transfer 2`] = `56781`;

exports[`Collateral: MorphoAAVEV2FiatCollateral - USDT collateral functionality Gas Reporting ERC20 transfer 3`] = `88981`;

exports[`Collateral: MorphoAAVEV2FiatCollateral - USDT collateral functionality Gas Reporting ERC20 transfer 4`] = `71881`;

exports[`Collateral: MorphoAAVEV2FiatCollateral - USDT collateral functionality Gas Reporting refresh() after full price timeout 1`] = `133567`;

exports[`Collateral: MorphoAAVEV2FiatCollateral - USDT collateral functionality Gas Reporting refresh() after full price timeout 2`] = `129098`;

exports[`Collateral: MorphoAAVEV2FiatCollateral - USDT collateral functionality Gas Reporting refresh() after hard default 1`] = `178524`;

exports[`Collateral: MorphoAAVEV2FiatCollateral - USDT collateral functionality Gas Reporting refresh() after hard default 2`] = `170841`;

exports[`Collateral: MorphoAAVEV2FiatCollateral - USDT collateral functionality Gas Reporting refresh() after oracle timeout 1`] = `133567`;

exports[`Collateral: MorphoAAVEV2FiatCollateral - USDT collateral functionality Gas Reporting refresh() after oracle timeout 2`] = `129098`;

exports[`Collateral: MorphoAAVEV2FiatCollateral - USDT collateral functionality Gas Reporting refresh() after soft default 1`] = `170779`;

exports[`Collateral: MorphoAAVEV2FiatCollateral - USDT collateral functionality Gas Reporting refresh() after soft default 2`] = `170779`;

exports[`Collateral: MorphoAAVEV2FiatCollateral - USDT collateral functionality Gas Reporting refresh() during SOUND 1`] = `170838`;

exports[`Collateral: MorphoAAVEV2FiatCollateral - USDT collateral functionality Gas Reporting refresh() during SOUND 2`] = `170838`;

exports[`Collateral: MorphoAAVEV2FiatCollateral - USDT collateral functionality Gas Reporting refresh() during soft default 1`] = `178389`;

exports[`Collateral: MorphoAAVEV2FiatCollateral - USDT collateral functionality Gas Reporting refresh() during soft default 2`] = `171120`;
